i> 002B8710 RB3DX: offline single-host join enabled via NetSession::IsHost override at 0x823E1700 (signature-located, 20 bl-callers)
!> 002B8711 RB3DX UI PROBE[1]: transState=0 curScreen=0x00000000'<null>' transScreen=0x00000000'<null>'
=== Thread Status Report (3001ms) === 14 threads, SIGSEGV=0 last_fault=0x0 last_rip=0x0
  [demask] XMA-benign-faults=0  last_REAL_fault=0x0 last_REAL_rip=0x0
!> 002B8711 RB3DX UI PROBE[2]: transState=0 curScreen=0x00000000'<null>' transScreen=0x00000000'<null>'
=== Thread Status Report (6004ms) === 14 threads, SIGSEGV=0 last_fault=0x0 last_rip=0x0
  [demask] XMA-benign-faults=0  last_REAL_fault=0x0 last_REAL_rip=0x0
!> 002B8711 RB3DX UI PROBE[3]: transState=0 curScreen=0x00000000'<null>' transScreen=0x00000000'<null>'
!> 002B8711 RB3DX UI PROBE[4]: transState=0 curScreen=0x00000000'<null>' transScreen=0x00000000'<null>'
=== Thread Status Report (9007ms) === 15 threads, SIGSEGV=0 last_fault=0x0 last_rip=0x0
  [demask] XMA-benign-faults=0  last_REAL_fault=0x0 last_REAL_rip=0x0
!> 002B8711 RB3DX UI PROBE[5]: transState=0 curScreen=0x00000000'<null>' transScreen=0x00000000'<null>'
!> 002B8711 RB3DX UI PROBE[5]:   saveload_mgr('saveload_mgr') head=0x00000000 vbase=0x43F810A0
!> 002B8711 RB3DX UI PROBE[5]:   saveload_mgr[+0x00]: 820951FC 8200EBFC 00000000 43F810A0 00000000 82000C55 40187E30 400EF890
!> 002B8711 RB3DX UI PROBE[5]:   saveload_mgr[+0x20]: 429D55D8 429D55D8 00000000 00001111 82053A3C 8200EBFC 00000000 43F810D0
!> 002B8711 RB3DX UI PROBE[5]:   saveload_mgr[+0x40]: 00000000 82000C55 82000C55 00000000 43F810F0 43F810F0 82053A2C 43F810FC
!> 002B8711 RB3DX UI PROBE[5]:   saveload_mgr[+0x60]: 43F810FC 00000000 00000000 0000A902 82042734 820239CC 43F81600 0000001D
!> 002B8711 RB3DX UI PROBE[5]:   saveload_mgr[+0x80]: 01000000 00000003 00000000 00000000 00000000 00000000 429D6148 429D6150
!> 002B8711 RB3DX UI PROBE[5]:   saveload_mgr[+0xA0]: 429D6150 43F81716 00000000 820009A8 00000000 82E06E10 00010000 42A404F8
!> 002B8711 RB3DX UI PROBE[5]:   session head=0x43632298 mState=0 mQNet=0x00000000 mUsers[begin=0x436322A8 end=0x00000000]
=== Thread Status Report (12010ms) === 25 threads, SIGSEGV=0 last_fault=0x0 last_rip=0x0
  [demask] XMA-benign-faults=0  last_REAL_fault=0x0 last_REAL_rip=0x0
!> 002B8711 RB3DX UI PROBE[6]: transState=0 curScreen=0x00000000'<null>' transScreen=0x00000000'<null>'
!> 002B8711 RB3DX UI PROBE[6]:   saveload_mgr('saveload_mgr') head=0x00000000 vbase=0x43F810A0
!> 002B8711 RB3DX UI PROBE[6]:   saveload_mgr[+0x00]: 820951FC 8200EBFC 00000000 43F810A0 00000000 82000C55 40187E30 400EF890
!> 002B8711 RB3DX UI PROBE[6]:   saveload_mgr[+0x20]: 429D55D8 429D55D8 00000000 00001111 82053A3C 8200EBFC 00000000 43F810D0
!> 002B8711 RB3DX UI PROBE[6]:   saveload_mgr[+0x40]: 00000000 82000C55 82000C55 00000000 43F810F0 43F810F0 82053A2C 43F810FC
!> 002B8711 RB3DX UI PROBE[6]:   saveload_mgr[+0x60]: 43F810FC 00000000 00000000 0000A902 82042734 820239CC 43F81600 0000001D
!> 002B8711 RB3DX UI PROBE[6]:   saveload_mgr[+0x80]: 01000000 00000003 00000000 00000000 00000000 00000000 429D6148 429D6150
!> 002B8711 RB3DX UI PROBE[6]:   saveload_mgr[+0xA0]: 429D6150 43F81716 00000000 820009A8 00000000 82E06E10 00010000 42A404F8
!> 002B8711 RB3DX UI PROBE[6]:   net_sync('net_sync') head=0x00000000 vbase=0x44808F60
!> 002B8711 RB3DX UI PROBE[6]:   net_sync[+0x00]: 820A6054 8200EBFC 00000000 44808F60 00000000 82000C55 40187F28 400EF890
!> 002B8711 RB3DX UI PROBE[6]:   net_sync[+0x20]: 44808F80 44808F80 01003B75 00000000 FFFFFFFF 00000E8C 44D97A08 402CC360
!> 002B8711 RB3DX UI PROBE[6]:   net_sync[+0x40]: 00000000 FFFFFFFF 826C3888 00151D0A AFDEBECD 10080000 03000000 C5A40000
!> 002B8711 RB3DX UI PROBE[6]:   net_sync[+0x60]: 3D200001 EA010000 372A0000 00000000 00000000 00000000 00000000 00000000
!> 002B8711 RB3DX UI PROBE[6]:   net_sync[+0x80]: 00000000 00000000 00000000 00000000 00000000 00000000 00000000 00000000
!> 002B8711 RB3DX UI PROBE[6]:   net_sync[+0xA0]: 00000000 00000000 00000000 00000000 00000000 00000000 00000000 00000000
!> 002B8711 RB3DX UI PROBE[6]:   session head=0x43632298 mState=0 mQNet=0x00000000 mUsers[begin=0x402AF1F0 end=0x00000000]
!> 002B8711 RB3DX UI PROBE[7]: transState=0 curScreen=0x44EE8788'intro_movie_screen' transScreen=0x00000000'<null>'
!> 002B8711 RB3DX UI PROBE[7]:   C:panel[0]@0x4293EE88 0x44EE8598'intro_movie_panel' active=1 refLoaded=1 mState=1 mLoaded=0 mLoader=0x00000000 mLoadRefs=1
!> 002B8711 RB3DX UI PROBE[7]:   saveload_mgr('saveload_mgr') head=0x00000000 vbase=0x43F810A0
!> 002B8711 RB3DX UI PROBE[7]:   saveload_mgr[+0x00]: 820951FC 8200EBFC 00000000 43F810A0 00000000 82000C55 40187E30 400EF890
!> 002B8711 RB3DX UI PROBE[7]:   saveload_mgr[+0x20]: 429D55D8 429D55D8 00000000 00001111 82053A3C 8200EBFC 00000000 43F810D0
!> 002B8711 RB3DX UI PROBE[7]:   saveload_mgr[+0x40]: 00000000 82000C55 82000C55 00000000 43F810F0 43F810F0 82053A2C 43F810FC
!> 002B8711 RB3DX UI PROBE[7]:   saveload_mgr[+0x60]: 43F810FC 00000000 00000000 0000A902 82042734 820239CC 43F81600 0000001D
!> 002B8711 RB3DX UI PROBE[7]:   saveload_mgr[+0x80]: 01000000 00000003 00000000 00000000 00000000 00000000 429D6148 429D6150
!> 002B8711 RB3DX UI PROBE[7]:   saveload_mgr[+0xA0]: 429D6150 43F81716 00000000 820009A8 00000000 82E06E10 00010000 42A404F8
!> 002B8711 RB3DX UI PROBE[7]:   net_sync('net_sync') head=0x00000000 vbase=0x44808F60
!> 002B8711 RB3DX UI PROBE[7]:   net_sync[+0x00]: 820A6054 8200EBFC 00000000 44808F60 00000000 82000C55 40187F28 400EF890
!> 002B8711 RB3DX UI PROBE[7]:   net_sync[+0x20]: 44808F80 44808F80 01003B75 00000000 FFFFFFFF 00000E8C 44D97A08 402CC360
!> 002B8711 RB3DX UI PROBE[7]:   net_sync[+0x40]: 00000000 FFFFFFFF 826C3888 00151D0A AFDEBECD 10080000 03000000 C5A40000
!> 002B8711 RB3DX UI PROBE[7]:   net_sync[+0x60]: 3D200001 EA010000 372A0000 00000000 00000000 00000000 00000000 00000000
!> 002B8711 RB3DX UI PROBE[7]:   net_sync[+0x80]: 00000000 00000000 00000000 00000000 00000000 00000000 00000000 00000000
!> 002B8711 RB3DX UI PROBE[7]:   net_sync[+0xA0]: 00000000 00000000 00000000 00000000 00000000 00000000 00000000 00000000
!> 002B8711 RB3DX UI PROBE[7]:   session head=0x43632298 mState=0 mQNet=0x00000000 mUsers[begin=0x402AF1F0 end=0x00000000]
=== Thread Status Report (15015ms) === 26 threads, SIGSEGV=0 last_fault=0x0 last_rip=0x0
  [demask] XMA-benign-faults=0  last_REAL_fault=0x0 last_REAL_rip=0x0
!> 002B8711 RB3DX UI PROBE[8]: transState=0 curScreen=0x44EE8788'intro_movie_screen' transScreen=0x00000000'<null>'
!> 002B8711 RB3DX UI PROBE[8]:   C:panel[0]@0x4293EE88 0x44EE8598'intro_movie_panel' active=1 refLoaded=1 mState=1 mLoaded=0 mLoader=0x00000000 mLoadRefs=1
!> 002B8711 RB3DX UI PROBE[8]:   saveload_mgr('saveload_mgr') head=0x00000000 vbase=0x43F810A0
!> 002B8711 RB3DX UI PROBE[8]:   saveload_mgr[+0x00]: 820951FC 8200EBFC 00000000 43F810A0 00000000 82000C55 40187E30 400EF890
!> 002B8711 RB3DX UI PROBE[8]:   saveload_mgr[+0x20]: 429D55D8 429D55D8 00000000 00001111 82053A3C 8200EBFC 00000000 43F810D0
!> 002B8711 RB3DX UI PROBE[8]:   saveload_mgr[+0x40]: 00000000 82000C55 82000C55 00000000 43F810F0 43F810F0 82053A2C 43F810FC
!> 002B8711 RB3DX UI PROBE[8]:   saveload_mgr[+0x60]: 43F810FC 00000000 00000000 0000A902 82042734 820239CC 43F81600 0000001D
!> 002B8711 RB3DX UI PROBE[8]:   saveload_mgr[+0x80]: 01000000 00000003 00000000 00000000 00000000 00000000 429D6148 429D6150
!> 002B8711 RB3DX UI PROBE[8]:   saveload_mgr[+0xA0]: 429D6150 43F81716 00000000 820009A8 00000000 82E06E10 00010000 42A404F8
!> 002B8711 RB3DX UI PROBE[8]:   net_sync('net_sync') head=0x00000000 vbase=0x44808F60
!> 002B8711 RB3DX UI PROBE[8]:   net_sync[+0x00]: 820A6054 8200EBFC 00000000 44808F60 00000000 82000C55 40187F28 400EF890
!> 002B8711 RB3DX UI PROBE[8]:   net_sync[+0x20]: 44808F80 44808F80 01003B75 00000000 FFFFFFFF 00000E8C 44D97A08 402CC360
!> 002B8711 RB3DX UI PROBE[8]:   net_sync[+0x40]: 00000000 FFFFFFFF 826C3888 00151D0A AFDEBECD 10080000 03000000 C5A40000
!> 002B8711 RB3DX UI PROBE[8]:   net_sync[+0x60]: 3D200001 EA010000 372A0000 00000000 00000000 00000000 00000000 00000000
!> 002B8711 RB3DX UI PROBE[8]:   net_sync[+0x80]: 00000000 00000000 00000000 00000000 00000000 00000000 00000000 00000000
!> 002B8711 RB3DX UI PROBE[8]:   net_sync[+0xA0]: 00000000 00000000 00000000 00000000 00000000 00000000 00000000 00000000
!> 002B8711 RB3DX UI PROBE[8]:   session head=0x43632298 mState=0 mQNet=0x00000000 mUsers[begin=0x402AF1F0 end=0x00000000]
=== Thread Status Report (18017ms) === 26 threads, SIGSEGV=0 last_fault=0x0 last_rip=0x0
  [demask] XMA-benign-faults=0  last_REAL_fault=0x0 last_REAL_rip=0x0
!> 002B8711 RB3DX UI PROBE[9]: transState=0 curScreen=0x44EE8788'intro_movie_screen' transScreen=0x00000000'<null>'
!> 002B8711 RB3DX UI PROBE[9]:   C:panel[0]@0x4293EE88 0x44EE8598'intro_movie_panel' active=1 refLoaded=1 mState=1 mLoaded=0 mLoader=0x00000000 mLoadRefs=1
!> 002B8711 RB3DX UI PROBE[9]:   saveload_mgr('saveload_mgr') head=0x00000000 vbase=0x43F810A0
!> 002B8711 RB3DX UI PROBE[9]:   saveload_mgr[+0x00]: 820951FC 8200EBFC 00000000 43F810A0 00000000 82000C55 40187E30 400EF890
!> 002B8711 RB3DX UI PROBE[9]:   saveload_mgr[+0x20]: 429D55D8 429D55D8 00000000 00001111 82053A3C 8200EBFC 00000000 43F810D0
!> 002B8711 RB3DX UI PROBE[9]:   saveload_mgr[+0x40]: 00000000 82000C55 82000C55 00000000 43F810F0 43F810F0 82053A2C 43F810FC
!> 002B8711 RB3DX UI PROBE[9]:   saveload_mgr[+0x60]: 43F810FC 00000000 00000000 0000A902 82042734 820239CC 43F81600 0000001D
!> 002B8711 RB3DX UI PROBE[9]:   saveload_mgr[+0x80]: 01000000 00000003 00000000 00000000 00000000 00000000 429D6148 429D6150
!> 002B8711 RB3DX UI PROBE[9]:   saveload_mgr[+0xA0]: 429D6150 43F81716 00000000 820009A8 00000000 82E06E10 00010000 42A404F8
!> 002B8711 RB3DX UI PROBE[9]:   net_sync('net_sync') head=0x00000000 vbase=0x44808F60
!> 002B8711 RB3DX UI PROBE[9]:   net_sync[+0x00]: 820A6054 8200EBFC 00000000 44808F60 00000000 82000C55 40187F28 400EF890
!> 002B8711 RB3DX UI PROBE[9]:   net_sync[+0x20]: 44808F80 44808F80 01003B75 00000000 FFFFFFFF 00000E8C 44D97A08 402CC360
!> 002B8711 RB3DX UI PROBE[9]:   net_sync[+0x40]: 00000000 FFFFFFFF 826C3888 00151D0A AFDEBECD 10080000 03000000 C5A40000
!> 002B8711 RB3DX UI PROBE[9]:   net_sync[+0x60]: 3D200001 EA010000 372A0000 00000000 00000000 00000000 00000000 00000000
!> 002B8711 RB3DX UI PROBE[9]:   net_sync[+0x80]: 00000000 00000000 00000000 00000000 00000000 00000000 00000000 00000000
!> 002B8711 RB3DX UI PROBE[9]:   net_sync[+0xA0]: 00000000 00000000 00000000 00000000 00000000 00000000 00000000 00000000
!> 002B8711 RB3DX UI PROBE[9]:   session head=0x43632298 mState=0 mQNet=0x00000000 mUsers[begin=0x402AF1F0 end=0x00000000]
!> 002B8711 RB3DX UI PROBE[10]: transState=0 curScreen=0x44EE8788'intro_movie_screen' transScreen=0x00000000'<null>'
!> 002B8711 RB3DX UI PROBE[10]:   C:panel[0]@0x4293EE88 0x44EE8598'intro_movie_panel' active=1 refLoaded=1 mState=1 mLoaded=0 mLoader=0x00000000 mLoadRefs=1
!> 002B8711 RB3DX UI PROBE[10]:   saveload_mgr('saveload_mgr') head=0x00000000 vbase=0x43F810A0
!> 002B8711 RB3DX UI PROBE[10]:   saveload_mgr[+0x00]: 820951FC 8200EBFC 00000000 43F810A0 00000000 82000C55 40187E30 400EF890
!> 002B8711 RB3DX UI PROBE[10]:   saveload_mgr[+0x20]: 429D55D8 429D55D8 00000000 00001111 82053A3C 8200EBFC 00000000 43F810D0
!> 002B8711 RB3DX UI PROBE[10]:   saveload_mgr[+0x40]: 00000000 82000C55 82000C55 00000000 43F810F0 43F810F0 82053A2C 43F810FC
!> 002B8711 RB3DX UI PROBE[10]:   saveload_mgr[+0x60]: 43F810FC 00000000 00000000 0000A902 82042734 820239CC 43F81600 0000001D
!> 002B8711 RB3DX UI PROBE[10]:   saveload_mgr[+0x80]: 01000000 00000003 00000000 00000000 00000000 00000000 429D6148 429D6150
!> 002B8711 RB3DX UI PROBE[10]:   saveload_mgr[+0xA0]: 429D6150 43F81716 00000000 820009A8 00000000 82E06E10 00010000 42A404F8
!> 002B8711 RB3DX UI PROBE[10]:   net_sync('net_sync') head=0x00000000 vbase=0x44808F60
!> 002B8711 RB3DX UI PROBE[10]:   net_sync[+0x00]: 820A6054 8200EBFC 00000000 44808F60 00000000 82000C55 40187F28 400EF890
!> 002B8711 RB3DX UI PROBE[10]:   net_sync[+0x20]: 44808F80 44808F80 01003B75 00000000 FFFFFFFF 00000E8C 44D97A08 402CC360
!> 002B8711 RB3DX UI PROBE[10]:   net_sync[+0x40]: 00000000 FFFFFFFF 826C3888 00151D0A AFDEBECD 10080000 03000000 C5A40000
!> 002B8711 RB3DX UI PROBE[10]:   net_sync[+0x60]: 3D200001 EA010000 372A0000 00000000 00000000 00000000 00000000 00000000
!> 002B8711 RB3DX UI PROBE[10]:   net_sync[+0x80]: 00000000 00000000 00000000 00000000 00000000 00000000 00000000 00000000
!> 002B8711 RB3DX UI PROBE[10]:   net_sync[+0xA0]: 00000000 00000000 00000000 00000000 00000000 00000000 00000000 00000000
!> 002B8711 RB3DX UI PROBE[10]:   session head=0x43632298 mState=0 mQNet=0x00000000 mUsers[begin=0x402AF1F0 end=0x00000000]
=== Thread Status Report (21020ms) === 26 threads, SIGSEGV=0 last_fault=0x0 last_rip=0x0
  [demask] XMA-benign-faults=0  last_REAL_fault=0x0 last_REAL_rip=0x0
!> 002B8711 RB3DX UI PROBE[11]: transState=0 curScreen=0x44EE8788'intro_movie_screen' transScreen=0x00000000'<null>'
!> 002B8711 RB3DX UI PROBE[11]:   C:panel[0]@0x4293EE88 0x44EE8598'intro_movie_panel' active=1 refLoaded=1 mState=1 mLoaded=0 mLoader=0x00000000 mLoadRefs=1
!> 002B8711 RB3DX UI PROBE[11]:   saveload_mgr('saveload_mgr') head=0x00000000 vbase=0x43F810A0
!> 002B8711 RB3DX UI PROBE[11]:   saveload_mgr[+0x00]: 820951FC 8200EBFC 00000000 43F810A0 00000000 82000C55 40187E30 400EF890
!> 002B8711 RB3DX UI PROBE[11]:   saveload_mgr[+0x20]: 429D55D8 429D55D8 00000000 00001111 82053A3C 8200EBFC 00000000 43F810D0
!> 002B8711 RB3DX UI PROBE[11]:   saveload_mgr[+0x40]: 00000000 82000C55 82000C55 00000000 43F810F0 43F810F0 82053A2C 43F810FC
!> 002B8711 RB3DX UI PROBE[11]:   saveload_mgr[+0x60]: 43F810FC 00000000 00000000 0000A902 82042734 820239CC 43F81600 0000001D
!> 002B8711 RB3DX UI PROBE[11]:   saveload_mgr[+0x80]: 01000000 00000003 00000000 00000000 00000000 00000000 429D6148 429D6150
!> 002B8711 RB3DX UI PROBE[11]:   saveload_mgr[+0xA0]: 429D6150 43F81716 00000000 820009A8 00000000 82E06E10 00010000 42A404F8
!> 002B8711 RB3DX UI PROBE[11]:   net_sync('net_sync') head=0x00000000 vbase=0x44808F60
!> 002B8711 RB3DX UI PROBE[11]:   net_sync[+0x00]: 820A6054 8200EBFC 00000000 44808F60 00000000 82000C55 40187F28 400EF890
!> 002B8711 RB3DX UI PROBE[11]:   net_sync[+0x20]: 44808F80 44808F80 01003B75 00000000 FFFFFFFF 00000E8C 44D97A08 402CC360
!> 002B8711 RB3DX UI PROBE[11]:   net_sync[+0x40]: 00000000 FFFFFFFF 826C3888 00151D0A AFDEBECD 10080000 03000000 C5A40000
!> 002B8711 RB3DX UI PROBE[11]:   net_sync[+0x60]: 3D200001 EA010000 372A0000 00000000 00000000 00000000 00000000 00000000
!> 002B8711 RB3DX UI PROBE[11]:   net_sync[+0x80]: 00000000 00000000 00000000 00000000 00000000 00000000 00000000 00000000
!> 002B8711 RB3DX UI PROBE[11]:   net_sync[+0xA0]: 00000000 00000000 00000000 00000000 00000000 00000000 00000000 00000000
!> 002B8711 RB3DX UI PROBE[11]:   session head=0x43632298 mState=0 mQNet=0x00000000 mUsers[begin=0x402AF1F0 end=0x00000000]
=== Thread Status Report (24023ms) === 24 threads, SIGSEGV=0 last_fault=0x0 last_rip=0x0
  [demask] XMA-benign-faults=0  last_REAL_fault=0x0 last_REAL_rip=0x0
!> 002B8711 RB3DX UI PROBE[12]: transState=1 curScreen=0x44EE8788'intro_movie_screen' transScreen=0x44EE8848'splash_screen'
!> 002B8711 RB3DX UI PROBE[12]:   T:panel[0]@0x4293E408 0x44E87630'meta' active=1 refLoaded=1 mState=2 mLoaded=0 mLoader=0x00000000 mLoadRefs=1
!> 002B8711 RB3DX UI PROBE[12]:   T:panel[1]@0x4293E458 0x44EE7AF0'sv8_panel' active=1 refLoaded=1 mState=0 mLoaded=0 mLoader=0x42AFB818 mLoadRefs=1
!> 002B8711 RB3DX UI PROBE[12]:   T:panel[2]@0x4293E448 0x44EE87D8'splash_panel' active=1 refLoaded=1 mState=0 mLoaded=0 mLoader=0x42AFB8C8 mLoadRefs=1
!> 002B8711 RB3DX UI PROBE[12]:   C:panel[0]@0x4293EE88 0x44EE8598'intro_movie_panel' active=1 refLoaded=1 mState=2 mLoaded=0 mLoader=0x00000000 mLoadRefs=1
!> 002B8711 RB3DX UI PROBE[12]:   saveload_mgr('saveload_mgr') head=0x00000000 vbase=0x43F810A0
!> 002B8711 RB3DX UI PROBE[12]:   saveload_mgr[+0x00]: 820951FC 8200EBFC 00000000 43F810A0 00000000 82000C55 40187E30 400EF890
!> 002B8711 RB3DX UI PROBE[12]:   saveload_mgr[+0x20]: 42E98998 429D55D8 00000000 00001111 82053A3C 8200EBFC 00000000 43F810D0
!> 002B8711 RB3DX UI PROBE[12]:   saveload_mgr[+0x40]: 00000000 82000C55 82000C55 00000000 43F810F0 43F810F0 82053A2C 43F810FC
!> 002B8711 RB3DX UI PROBE[12]:   saveload_mgr[+0x60]: 43F810FC 00000000 00000000 0000A902 82042734 820239CC 43F81600 0000001D
!> 002B8711 RB3DX UI PROBE[12]:   saveload_mgr[+0x80]: 01000000 00000003 00000000 00000000 00000000 00000000 429D6148 429D6150
!> 002B8711 RB3DX UI PROBE[12]:   saveload_mgr[+0xA0]: 429D6150 43F81716 00000000 820009A8 00000000 82E06E10 00010000 42A404F8
!> 002B8711 RB3DX UI PROBE[12]:   net_sync('net_sync') head=0x00000000 vbase=0x44808F60
!> 002B8711 RB3DX UI PROBE[12]:   net_sync[+0x00]: 820A6054 8200EBFC 00000000 44808F60 00000000 82000C55 40187F28 400EF890
!> 002B8711 RB3DX UI PROBE[12]:   net_sync[+0x20]: 44808F80 44808F80 01003B75 00000000 FFFFFFFF 00000E8C 44D97A08 402CC360
!> 002B8711 RB3DX UI PROBE[12]:   net_sync[+0x40]: 00000000 FFFFFFFF 826C3888 00151D0A AFDEBECD 10080000 03000000 C5A40000
!> 002B8711 RB3DX UI PROBE[12]:   net_sync[+0x60]: 3D200001 EA010000 372A0000 00000000 00000000 00000000 00000000 00000000
!> 002B8711 RB3DX UI PROBE[12]:   net_sync[+0x80]: 00000000 00000000 00000000 00000000 00000000 00000000 00000000 00000000
!> 002B8711 RB3DX UI PROBE[12]:   net_sync[+0xA0]: 00000000 00000000 00000000 00000000 00000000 00000000 00000000 00000000
!> 002B8711 RB3DX UI PROBE[12]:   session head=0x43632298 mState=0 mQNet=0x00000000 mUsers[begin=0x402AF1F0 end=0x00000000]
!> 002B8711 RB3DX UI PROBE[13]: transState=0 curScreen=0x44EE8848'splash_screen' transScreen=0x00000000'<null>'
!> 002B8711 RB3DX UI PROBE[13]:   C:panel[0]@0x4293E408 0x44E87630'meta' active=1 refLoaded=1 mState=1 mLoaded=0 mLoader=0x00000000 mLoadRefs=1
!> 002B8711 RB3DX UI PROBE[13]:   C:panel[1]@0x4293E458 0x44EE7AF0'sv8_panel' active=1 refLoaded=1 mState=1 mLoaded=0 mLoader=0x00000000 mLoadRefs=1
!> 002B8711 RB3DX UI PROBE[13]:   C:panel[2]@0x4293E448 0x44EE87D8'splash_panel' active=1 refLoaded=1 mState=1 mLoaded=0 mLoader=0x00000000 mLoadRefs=1
!> 002B8711 RB3DX UI PROBE[13]:   saveload_mgr('saveload_mgr') head=0x00000000 vbase=0x43F810A0
!> 002B8711 RB3DX UI PROBE[13]:   saveload_mgr[+0x00]: 820951FC 8200EBFC 00000000 43F810A0 00000000 82000C55 40187E30 400EF890
!> 002B8711 RB3DX UI PROBE[13]:   saveload_mgr[+0x20]: 429D55D8 429D55D8 00000000 00001111 82053A3C 8200EBFC 00000000 43F810D0
!> 002B8711 RB3DX UI PROBE[13]:   saveload_mgr[+0x40]: 00000000 82000C55 82000C55 00000000 43F810F0 43F810F0 82053A2C 43F810FC
!> 002B8711 RB3DX UI PROBE[13]:   saveload_mgr[+0x60]: 43F810FC 00000000 00000000 0000A902 82042734 820239CC 43F81600 0000001D
!> 002B8711 RB3DX UI PROBE[13]:   saveload_mgr[+0x80]: 01000000 00000003 00000000 00000000 00000000 00000000 429D6148 429D6150
!> 002B8711 RB3DX UI PROBE[13]:   saveload_mgr[+0xA0]: 429D6150 43F81716 00000000 820009A8 00000000 82E06E10 00010000 42A404F8
!> 002B8711 RB3DX UI PROBE[13]:   net_sync('net_sync') head=0x00000000 vbase=0x44808F60
!> 002B8711 RB3DX UI PROBE[13]:   net_sync[+0x00]: 820A6054 8200EBFC 00000000 44808F60 00000000 82000C55 40187F28 400EF890
!> 002B8711 RB3DX UI PROBE[13]:   net_sync[+0x20]: 44808F80 44808F80 01003B75 00000000 FFFFFFFF 00000E8C 44D97A08 402CC360
!> 002B8711 RB3DX UI PROBE[13]:   net_sync[+0x40]: 00000000 FFFFFFFF 826C3888 00151D0A AFDEBECD 10080000 03000000 C5A40000
!> 002B8711 RB3DX UI PROBE[13]:   net_sync[+0x60]: 3D200001 EA010000 372A0000 00000000 00000000 00000000 00000000 00000000
!> 002B8711 RB3DX UI PROBE[13]:   net_sync[+0x80]: 00000000 00000000 00000000 00000000 00000000 00000000 00000000 00000000
!> 002B8711 RB3DX UI PROBE[13]:   net_sync[+0xA0]: 00000000 00000000 00000000 00000000 00000000 00000000 00000000 00000000
!> 002B8711 RB3DX UI PROBE[13]:   session head=0x43632298 mState=0 mQNet=0x00000000 mUsers[begin=0x402AF1F0 end=0x00000000]
=== Thread Status Report (27026ms) === 26 threads, SIGSEGV=0 last_fault=0x0 last_rip=0x0
  [demask] XMA-benign-faults=0  last_REAL_fault=0x0 last_REAL_rip=0x0
!> 002B8711 RB3DX UI PROBE[14]: transState=0 curScreen=0x44EE8848'splash_screen' transScreen=0x00000000'<null>'
!> 002B8711 RB3DX UI PROBE[14]:   C:panel[0]@0x4293E408 0x44E87630'meta' active=1 refLoaded=1 mState=1 mLoaded=0 mLoader=0x00000000 mLoadRefs=1
!> 002B8711 RB3DX UI PROBE[14]:   C:panel[1]@0x4293E458 0x44EE7AF0'sv8_panel' active=1 refLoaded=1 mState=1 mLoaded=0 mLoader=0x00000000 mLoadRefs=1
!> 002B8711 RB3DX UI PROBE[14]:   C:panel[2]@0x4293E448 0x44EE87D8'splash_panel' active=1 refLoaded=1 mState=1 mLoaded=0 mLoader=0x00000000 mLoadRefs=1
!> 002B8711 RB3DX UI PROBE[14]:   saveload_mgr('saveload_mgr') head=0x00000000 vbase=0x43F810A0
!> 002B8711 RB3DX UI PROBE[14]:   saveload_mgr[+0x00]: 820951FC 8200EBFC 00000000 43F810A0 00000000 82000C55 40187E30 400EF890
!> 002B8711 RB3DX UI PROBE[14]:   saveload_mgr[+0x20]: 429D55D8 429D55D8 00000000 00001111 82053A3C 8200EBFC 00000000 43F810D0
!> 002B8711 RB3DX UI PROBE[14]:   saveload_mgr[+0x40]: 00000000 82000C55 82000C55 00000000 43F810F0 43F810F0 82053A2C 43F810FC
!> 002B8711 RB3DX UI PROBE[14]:   saveload_mgr[+0x60]: 43F810FC 00000000 00000000 0000A902 82042734 820239CC 43F81600 0000001D
!> 002B8711 RB3DX UI PROBE[14]:   saveload_mgr[+0x80]: 01000000 00000003 00000000 00000000 00000000 00000000 429D6148 429D6150
!> 002B8711 RB3DX UI PROBE[14]:   saveload_mgr[+0xA0]: 429D6150 43F81716 00000000 820009A8 00000000 82E06E10 00010000 42A404F8
!> 002B8711 RB3DX UI PROBE[14]:   net_sync('net_sync') head=0x00000000 vbase=0x44808F60
!> 002B8711 RB3DX UI PROBE[14]:   net_sync[+0x00]: 820A6054 8200EBFC 00000000 44808F60 00000000 82000C55 40187F28 400EF890
!> 002B8711 RB3DX UI PROBE[14]:   net_sync[+0x20]: 44808F80 44808F80 01003B75 00000000 FFFFFFFF 00000E8C 44D97A08 402CC360
!> 002B8711 RB3DX UI PROBE[14]:   net_sync[+0x40]: 00000000 FFFFFFFF 826C3888 00151D0A AFDEBECD 10080000 03000000 C5A40000
!> 002B8711 RB3DX UI PROBE[14]:   net_sync[+0x60]: 3D200001 EA010000 372A0000 00000000 00000000 00000000 00000000 00000000
!> 002B8711 RB3DX UI PROBE[14]:   net_sync[+0x80]: 00000000 00000000 00000000 00000000 00000000 00000000 00000000 00000000
!> 002B8711 RB3DX UI PROBE[14]:   net_sync[+0xA0]: 00000000 00000000 00000000 00000000 00000000 00000000 00000000 00000000
!> 002B8711 RB3DX UI PROBE[14]:   session head=0x43632298 mState=0 mQNet=0x00000000 mUsers[begin=0x402AF1F0 end=0x00000000]
=== Thread Status Report (30029ms) === 26 threads, SIGSEGV=2 last_fault=0x17FEA1A80 last_rip=0xA0ADEE4F crash_guest=0x82BCEFE4 []
  [demask] XMA-benign-faults=2  last_REAL_fault=0x0 last_REAL_rip=0x0
!> 002B8711 RB3DX UI PROBE[15]: transState=0 curScreen=0x44EE8848'splash_screen' transScreen=0x00000000'<null>'
!> 002B8711 RB3DX UI PROBE[15]:   C:panel[0]@0x4293E408 0x44E87630'meta' active=1 refLoaded=1 mState=1 mLoaded=0 mLoader=0x00000000 mLoadRefs=1
!> 002B8711 RB3DX UI PROBE[15]:   C:panel[1]@0x4293E458 0x44EE7AF0'sv8_panel' active=1 refLoaded=1 mState=1 mLoaded=0 mLoader=0x00000000 mLoadRefs=1
!> 002B8711 RB3DX UI PROBE[15]:   C:panel[2]@0x4293E448 0x44EE87D8'splash_panel' active=1 refLoaded=1 mState=1 mLoaded=0 mLoader=0x00000000 mLoadRefs=1
!> 002B8711 RB3DX UI PROBE[15]:   saveload_mgr('saveload_mgr') head=0x00000000 vbase=0x43F810A0
!> 002B8711 RB3DX UI PROBE[15]:   saveload_mgr[+0x00]: 820951FC 8200EBFC 00000000 43F810A0 00000000 82000C55 40187E30 400EF890
!> 002B8711 RB3DX UI PROBE[15]:   saveload_mgr[+0x20]: 429D55D8 429D55D8 00000000 00001111 82053A3C 8200EBFC 00000000 43F810D0
!> 002B8711 RB3DX UI PROBE[15]:   saveload_mgr[+0x40]: 00000000 82000C55 82000C55 00000000 43F810F0 43F810F0 82053A2C 43F810FC
!> 002B8711 RB3DX UI PROBE[15]:   saveload_mgr[+0x60]: 43F810FC 00000000 00000000 0000A902 82042734 820239CC 43F81600 0000001D
!> 002B8711 RB3DX UI PROBE[15]:   saveload_mgr[+0x80]: 01000000 00000003 00000000 00000000 00000000 00000000 429D6148 429D6150
!> 002B8711 RB3DX UI PROBE[15]:   saveload_mgr[+0xA0]: 429D6150 43F81716 00000000 820009A8 00000000 82E06E10 00010000 42A404F8
!> 002B8711 RB3DX UI PROBE[15]:   net_sync('net_sync') head=0x00000000 vbase=0x44808F60
!> 002B8711 RB3DX UI PROBE[15]:   net_sync[+0x00]: 820A6054 8200EBFC 00000000 44808F60 00000000 82000C55 40187F28 400EF890
!> 002B8711 RB3DX UI PROBE[15]:   net_sync[+0x20]: 44808F80 44808F80 01003B75 00000000 FFFFFFFF 00000E8C 44D97A08 402CC360
!> 002B8711 RB3DX UI PROBE[15]:   net_sync[+0x40]: 00000000 FFFFFFFF 826C3888 00151D0A AFDEBECD 10080000 03000000 C5A40000
!> 002B8711 RB3DX UI PROBE[15]:   net_sync[+0x60]: 3D200001 EA010000 372A0000 00000000 00000000 00000000 00000000 00000000
!> 002B8711 RB3DX UI PROBE[15]:   net_sync[+0x80]: 00000000 00000000 00000000 00000000 00000000 00000000 00000000 00000000
!> 002B8711 RB3DX UI PROBE[15]:   net_sync[+0xA0]: 00000000 00000000 00000000 00000000 00000000 00000000 00000000 00000000
!> 002B8711 RB3DX UI PROBE[15]:   session head=0x43632298 mState=0 mQNet=0x00000000 mUsers[begin=0x402AF1F0 end=0x00000000]
!> 002B8711 RB3DX UI PROBE[16]: transState=0 curScreen=0x44EE8848'splash_screen' transScreen=0x00000000'<null>'
!> 002B8711 RB3DX UI PROBE[16]:   C:panel[0]@0x4293E408 0x44E87630'meta' active=1 refLoaded=1 mState=1 mLoaded=0 mLoader=0x00000000 mLoadRefs=1
!> 002B8711 RB3DX UI PROBE[16]:   C:panel[1]@0x4293E458 0x44EE7AF0'sv8_panel' active=1 refLoaded=1 mState=1 mLoaded=0 mLoader=0x00000000 mLoadRefs=1
!> 002B8711 RB3DX UI PROBE[16]:   C:panel[2]@0x4293E448 0x44EE87D8'splash_panel' active=1 refLoaded=1 mState=1 mLoaded=0 mLoader=0x00000000 mLoadRefs=1
!> 002B8711 RB3DX UI PROBE[16]:   saveload_mgr('saveload_mgr') head=0x00000000 vbase=0x43F810A0
!> 002B8711 RB3DX UI PROBE[16]:   saveload_mgr[+0x00]: 820951FC 8200EBFC 00000000 43F810A0 00000000 82000C55 40187E30 400EF890
!> 002B8711 RB3DX UI PROBE[16]:   saveload_mgr[+0x20]: 429D55D8 429D55D8 00000000 00001111 82053A3C 8200EBFC 00000000 43F810D0
!> 002B8711 RB3DX UI PROBE[16]:   saveload_mgr[+0x40]: 00000000 82000C55 82000C55 00000000 43F810F0 43F810F0 82053A2C 43F810FC
!> 002B8711 RB3DX UI PROBE[16]:   saveload_mgr[+0x60]: 43F810FC 00000000 00000000 0000A902 82042734 820239CC 43F81600 0000001D
!> 002B8711 RB3DX UI PROBE[16]:   saveload_mgr[+0x80]: 01000000 00000003 00000000 00000000 00000000 00000000 429D6148 429D6150
!> 002B8711 RB3DX UI PROBE[16]:   saveload_mgr[+0xA0]: 429D6150 43F81716 00000000 820009A8 00000000 82E06E10 00010000 42A404F8
!> 002B8711 RB3DX UI PROBE[16]:   net_sync('net_sync') head=0x00000000 vbase=0x44808F60
!> 002B8711 RB3DX UI PROBE[16]:   net_sync[+0x00]: 820A6054 8200EBFC 00000000 44808F60 00000000 82000C55 40187F28 400EF890
!> 002B8711 RB3DX UI PROBE[16]:   net_sync[+0x20]: 44808F80 44808F80 01003B75 00000000 FFFFFFFF 00000E8C 44D97A08 402CC360
!> 002B8711 RB3DX UI PROBE[16]:   net_sync[+0x40]: 00000000 FFFFFFFF 826C3888 00151D0A AFDEBECD 10080000 03000000 C5A40000
!> 002B8711 RB3DX UI PROBE[16]:   net_sync[+0x60]: 3D200001 EA010000 372A0000 00000000 00000000 00000000 00000000 00000000
!> 002B8711 RB3DX UI PROBE[16]:   net_sync[+0x80]: 00000000 00000000 00000000 00000000 00000000 00000000 00000000 00000000
!> 002B8711 RB3DX UI PROBE[16]:   net_sync[+0xA0]: 00000000 00000000 00000000 00000000 00000000 00000000 00000000 00000000
!> 002B8711 RB3DX UI PROBE[16]:   session head=0x43632298 mState=0 mQNet=0x00000000 mUsers[begin=0x402AF1F0 end=0x00000000]
=== Thread Status Report (33032ms) === 26 threads, SIGSEGV=2 last_fault=0x17FEA1A80 last_rip=0xA0ADEE4F crash_guest=0x82BCEFE4 []
  [demask] XMA-benign-faults=2  last_REAL_fault=0x0 last_REAL_rip=0x0
!> 002B8711 RB3DX UI PROBE[17]: transState=0 curScreen=0x44EE8848'splash_screen' transScreen=0x00000000'<null>'
!> 002B8711 RB3DX UI PROBE[17]:   C:panel[0]@0x4293E408 0x44E87630'meta' active=1 refLoaded=1 mState=1 mLoaded=0 mLoader=0x00000000 mLoadRefs=1
!> 002B8711 RB3DX UI PROBE[17]:   C:panel[1]@0x4293E458 0x44EE7AF0'sv8_panel' active=1 refLoaded=1 mState=1 mLoaded=0 mLoader=0x00000000 mLoadRefs=1
!> 002B8711 RB3DX UI PROBE[17]:   C:panel[2]@0x4293E448 0x44EE87D8'splash_panel' active=1 refLoaded=1 mState=1 mLoaded=0 mLoader=0x00000000 mLoadRefs=1
!> 002B8711 RB3DX UI PROBE[17]:   saveload_mgr('saveload_mgr') head=0x00000000 vbase=0x43F810A0
!> 002B8711 RB3DX UI PROBE[17]:   saveload_mgr[+0x00]: 820951FC 8200EBFC 00000000 43F810A0 00000000 82000C55 40187E30 400EF890
!> 002B8711 RB3DX UI PROBE[17]:   saveload_mgr[+0x20]: 429D55D8 429D55D8 00000000 00001111 82053A3C 8200EBFC 00000000 43F810D0
!> 002B8711 RB3DX UI PROBE[17]:   saveload_mgr[+0x40]: 00000000 82000C55 82000C55 00000000 43F810F0 43F810F0 82053A2C 43F810FC
!> 002B8711 RB3DX UI PROBE[17]:   saveload_mgr[+0x60]: 43F810FC 00000000 00000000 0000A902 82042734 820239CC 43F81600 0000001D
!> 002B8711 RB3DX UI PROBE[17]:   saveload_mgr[+0x80]: 01000000 00000003 00000000 00000000 00000000 00000000 429D6148 429D6150
!> 002B8711 RB3DX UI PROBE[17]:   saveload_mgr[+0xA0]: 429D6150 43F81716 00000000 820009A8 00000000 82E06E10 00010000 42A404F8
!> 002B8711 RB3DX UI PROBE[17]:   net_sync('net_sync') head=0x00000000 vbase=0x44808F60
!> 002B8711 RB3DX UI PROBE[17]:   net_sync[+0x00]: 820A6054 8200EBFC 00000000 44808F60 00000000 82000C55 40187F28 400EF890
!> 002B8711 RB3DX UI PROBE[17]:   net_sync[+0x20]: 44808F80 44808F80 01003B75 00000000 FFFFFFFF 00000E8C 44D97A08 402CC360
!> 002B8711 RB3DX UI PROBE[17]:   net_sync[+0x40]: 00000000 FFFFFFFF 826C3888 00151D0A AFDEBECD 10080000 03000000 C5A40000
!> 002B8711 RB3DX UI PROBE[17]:   net_sync[+0x60]: 3D200001 EA010000 372A0000 00000000 00000000 00000000 00000000 00000000
!> 002B8711 RB3DX UI PROBE[17]:   net_sync[+0x80]: 00000000 00000000 00000000 00000000 00000000 00000000 00000000 00000000
!> 002B8711 RB3DX UI PROBE[17]:   net_sync[+0xA0]: 00000000 00000000 00000000 00000000 00000000 00000000 00000000 00000000
!> 002B8711 RB3DX UI PROBE[17]:   session head=0x43632298 mState=0 mQNet=0x00000000 mUsers[begin=0x402AF1F0 end=0x00000000]
=== Thread Status Report (36035ms) === 26 threads, SIGSEGV=2 last_fault=0x17FEA1A80 last_rip=0xA0ADEE4F crash_guest=0x82BCEFE4 []
  [demask] XMA-benign-faults=2  last_REAL_fault=0x0 last_REAL_rip=0x0
!> 002B8711 RB3DX UI PROBE[18]: transState=0 curScreen=0x44EE8848'splash_screen' transScreen=0x00000000'<null>'
!> 002B8711 RB3DX UI PROBE[18]:   C:panel[0]@0x4293E408 0x44E87630'meta' active=1 refLoaded=1 mState=1 mLoaded=0 mLoader=0x00000000 mLoadRefs=1
!> 002B8711 RB3DX UI PROBE[18]:   C:panel[1]@0x4293E458 0x44EE7AF0'sv8_panel' active=1 refLoaded=1 mState=1 mLoaded=0 mLoader=0x00000000 mLoadRefs=1
!> 002B8711 RB3DX UI PROBE[18]:   C:panel[2]@0x4293E448 0x44EE87D8'splash_panel' active=1 refLoaded=1 mState=1 mLoaded=0 mLoader=0x00000000 mLoadRefs=1
!> 002B8711 RB3DX UI PROBE[18]:   saveload_mgr('saveload_mgr') head=0x00000000 vbase=0x43F810A0
!> 002B8711 RB3DX UI PROBE[18]:   saveload_mgr[+0x00]: 820951FC 8200EBFC 00000000 43F810A0 00000000 82000C55 40187E30 400EF890
!> 002B8711 RB3DX UI PROBE[18]:   saveload_mgr[+0x20]: 429D55D8 429D55D8 00000000 00001111 82053A3C 8200EBFC 00000000 43F810D0
!> 002B8711 RB3DX UI PROBE[18]:   saveload_mgr[+0x40]: 00000000 82000C55 82000C55 00000000 43F810F0 43F810F0 82053A2C 43F810FC
!> 002B8711 RB3DX UI PROBE[18]:   saveload_mgr[+0x60]: 43F810FC 00000000 00000000 0000A902 82042734 820239CC 43F81600 0000001D
!> 002B8711 RB3DX UI PROBE[18]:   saveload_mgr[+0x80]: 01000000 00000003 00000000 00000000 00000000 00000000 429D6148 429D6150
!> 002B8711 RB3DX UI PROBE[18]:   saveload_mgr[+0xA0]: 429D6150 43F81716 00000000 820009A8 00000000 82E06E10 00010000 42A404F8
!> 002B8711 RB3DX UI PROBE[18]:   net_sync('net_sync') head=0x00000000 vbase=0x44808F60
!> 002B8711 RB3DX UI PROBE[18]:   net_sync[+0x00]: 820A6054 8200EBFC 00000000 44808F60 00000000 82000C55 40187F28 400EF890
!> 002B8711 RB3DX UI PROBE[18]:   net_sync[+0x20]: 44808F80 44808F80 01003B75 00000000 FFFFFFFF 00000E8C 44D97A08 402CC360
!> 002B8711 RB3DX UI PROBE[18]:   net_sync[+0x40]: 00000000 FFFFFFFF 826C3888 00151D0A AFDEBECD 10080000 03000000 C5A40000
!> 002B8711 RB3DX UI PROBE[18]:   net_sync[+0x60]: 3D200001 EA010000 372A0000 00000000 00000000 00000000 00000000 00000000
!> 002B8711 RB3DX UI PROBE[18]:   net_sync[+0x80]: 00000000 00000000 00000000 00000000 00000000 00000000 00000000 00000000
!> 002B8711 RB3DX UI PROBE[18]:   net_sync[+0xA0]: 00000000 00000000 00000000 00000000 00000000 00000000 00000000 00000000
!> 002B8711 RB3DX UI PROBE[18]:   session head=0x43632298 mState=0 mQNet=0x00000000 mUsers[begin=0x402AF1F0 end=0x00000000]
!> 002B8711 RB3DX UI PROBE[19]: transState=0 curScreen=0x44EE8848'splash_screen' transScreen=0x00000000'<null>'
!> 002B8711 RB3DX UI PROBE[19]:   C:panel[0]@0x4293E408 0x44E87630'meta' active=1 refLoaded=1 mState=1 mLoaded=0 mLoader=0x00000000 mLoadRefs=1
!> 002B8711 RB3DX UI PROBE[19]:   C:panel[1]@0x4293E458 0x44EE7AF0'sv8_panel' active=1 refLoaded=1 mState=1 mLoaded=0 mLoader=0x00000000 mLoadRefs=1
!> 002B8711 RB3DX UI PROBE[19]:   C:panel[2]@0x4293E448 0x44EE87D8'splash_panel' active=1 refLoaded=1 mState=1 mLoaded=0 mLoader=0x00000000 mLoadRefs=1
!> 002B8711 RB3DX UI PROBE[19]:   saveload_mgr('saveload_mgr') head=0x00000000 vbase=0x43F810A0
!> 002B8711 RB3DX UI PROBE[19]:   saveload_mgr[+0x00]: 820951FC 8200EBFC 00000000 43F810A0 00000000 82000C55 40187E30 400EF890
!> 002B8711 RB3DX UI PROBE[19]:   saveload_mgr[+0x20]: 429D55D8 429D55D8 00000000 00001111 82053A3C 8200EBFC 00000000 43F810D0
!> 002B8711 RB3DX UI PROBE[19]:   saveload_mgr[+0x40]: 00000000 82000C55 82000C55 00000000 43F810F0 43F810F0 82053A2C 43F810FC
!> 002B8711 RB3DX UI PROBE[19]:   saveload_mgr[+0x60]: 43F810FC 00000000 00000000 0000A902 82042734 820239CC 43F81600 0000001D
!> 002B8711 RB3DX UI PROBE[19]:   saveload_mgr[+0x80]: 01000000 00000003 00000000 00000000 00000000 00000000 429D6148 429D6150
!> 002B8711 RB3DX UI PROBE[19]:   saveload_mgr[+0xA0]: 429D6150 43F81716 00000000 820009A8 00000000 82E06E10 00010000 42A404F8
!> 002B8711 RB3DX UI PROBE[19]:   net_sync('net_sync') head=0x00000000 vbase=0x44808F60
!> 002B8711 RB3DX UI PROBE[19]:   net_sync[+0x00]: 820A6054 8200EBFC 00000000 44808F60 00000000 82000C55 40187F28 400EF890
!> 002B8711 RB3DX UI PROBE[19]:   net_sync[+0x20]: 44808F80 44808F80 01003B75 00000000 FFFFFFFF 00000E8C 44D97A08 402CC360
!> 002B8711 RB3DX UI PROBE[19]:   net_sync[+0x40]: 00000000 FFFFFFFF 826C3888 00151D0A AFDEBECD 10080000 03000000 C5A40000
!> 002B8711 RB3DX UI PROBE[19]:   net_sync[+0x60]: 3D200001 EA010000 372A0000 00000000 00000000 00000000 00000000 00000000
!> 002B8711 RB3DX UI PROBE[19]:   net_sync[+0x80]: 00000000 00000000 00000000 00000000 00000000 00000000 00000000 00000000
!> 002B8711 RB3DX UI PROBE[19]:   net_sync[+0xA0]: 00000000 00000000 00000000 00000000 00000000 00000000 00000000 00000000
!> 002B8711 RB3DX UI PROBE[19]:   session head=0x43632298 mState=0 mQNet=0x00000000 mUsers[begin=0x402AF1F0 end=0x00000000]
=== Thread Status Report (39038ms) === 26 threads, SIGSEGV=4 last_fault=0x17FEA1A80 last_rip=0xA0ADEE4F crash_guest=0x82BCEFE4 []
  [demask] XMA-benign-faults=4  last_REAL_fault=0x0 last_REAL_rip=0x0
!> 002B8711 RB3DX UI PROBE[20]: transState=0 curScreen=0x44EE8848'splash_screen' transScreen=0x00000000'<null>'
!> 002B8711 RB3DX UI PROBE[20]:   C:panel[0]@0x4293E408 0x44E87630'meta' active=1 refLoaded=1 mState=1 mLoaded=0 mLoader=0x00000000 mLoadRefs=1
!> 002B8711 RB3DX UI PROBE[20]:   C:panel[1]@0x4293E458 0x44EE7AF0'sv8_panel' active=1 refLoaded=1 mState=1 mLoaded=0 mLoader=0x00000000 mLoadRefs=1
!> 002B8711 RB3DX UI PROBE[20]:   C:panel[2]@0x4293E448 0x44EE87D8'splash_panel' active=1 refLoaded=1 mState=1 mLoaded=0 mLoader=0x00000000 mLoadRefs=1
!> 002B8711 RB3DX UI PROBE[20]:   saveload_mgr('saveload_mgr') head=0x00000000 vbase=0x43F810A0
!> 002B8711 RB3DX UI PROBE[20]:   saveload_mgr[+0x00]: 820951FC 8200EBFC 00000000 43F810A0 00000000 82000C55 40187E30 400EF890
!> 002B8711 RB3DX UI PROBE[20]:   saveload_mgr[+0x20]: 429D55D8 429D55D8 00000000 00001111 82053A3C 8200EBFC 00000000 43F810D0
!> 002B8711 RB3DX UI PROBE[20]:   saveload_mgr[+0x40]: 00000000 82000C55 82000C55 00000000 43F810F0 43F810F0 82053A2C 43F810FC
!> 002B8711 RB3DX UI PROBE[20]:   saveload_mgr[+0x60]: 43F810FC 00000000 00000000 0000A902 82042734 820239CC 43F81600 0000001D
!> 002B8711 RB3DX UI PROBE[20]:   saveload_mgr[+0x80]: 01000000 00000003 00000000 00000000 00000000 00000000 429D6148 429D6150
!> 002B8711 RB3DX UI PROBE[20]:   saveload_mgr[+0xA0]: 429D6150 43F81716 00000000 820009A8 00000000 82E06E10 00010000 42A404F8
!> 002B8711 RB3DX UI PROBE[20]:   net_sync('net_sync') head=0x00000000 vbase=0x44808F60
!> 002B8711 RB3DX UI PROBE[20]:   net_sync[+0x00]: 820A6054 8200EBFC 00000000 44808F60 00000000 82000C55 40187F28 400EF890
!> 002B8711 RB3DX UI PROBE[20]:   net_sync[+0x20]: 44808F80 44808F80 01003B75 00000000 FFFFFFFF 00000E8C 44D97A08 402CC360
!> 002B8711 RB3DX UI PROBE[20]:   net_sync[+0x40]: 00000000 FFFFFFFF 826C3888 00151D0A AFDEBECD 10080000 03000000 C5A40000
!> 002B8711 RB3DX UI PROBE[20]:   net_sync[+0x60]: 3D200001 EA010000 372A0000 00000000 00000000 00000000 00000000 00000000
!> 002B8711 RB3DX UI PROBE[20]:   net_sync[+0x80]: 00000000 00000000 00000000 00000000 00000000 00000000 00000000 00000000
!> 002B8711 RB3DX UI PROBE[20]:   net_sync[+0xA0]: 00000000 00000000 00000000 00000000 00000000 00000000 00000000 00000000
!> 002B8711 RB3DX UI PROBE[20]:   session head=0x43632298 mState=0 mQNet=0x00000000 mUsers[begin=0x402AF1F0 end=0x00000000]
=== Thread Status Report (42041ms) === 26 threads, SIGSEGV=6 last_fault=0x17FEA1A80 last_rip=0xA0ADEE4F crash_guest=0x82BCEFE4 []
  [demask] XMA-benign-faults=6  last_REAL_fault=0x0 last_REAL_rip=0x0
!> 002B8711 RB3DX UI PROBE[21]: transState=0 curScreen=0x44EE8848'splash_screen' transScreen=0x00000000'<null>'
!> 002B8711 RB3DX UI PROBE[21]:   C:panel[0]@0x4293E408 0x44E87630'meta' active=1 refLoaded=1 mState=1 mLoaded=0 mLoader=0x00000000 mLoadRefs=1
!> 002B8711 RB3DX UI PROBE[21]:   C:panel[1]@0x4293E458 0x44EE7AF0'sv8_panel' active=1 refLoaded=1 mState=1 mLoaded=0 mLoader=0x00000000 mLoadRefs=1
!> 002B8711 RB3DX UI PROBE[21]:   C:panel[2]@0x4293E448 0x44EE87D8'splash_panel' active=1 refLoaded=1 mState=1 mLoaded=0 mLoader=0x00000000 mLoadRefs=1
!> 002B8711 RB3DX UI PROBE[21]:   saveload_mgr('saveload_mgr') head=0x00000000 vbase=0x43F810A0
!> 002B8711 RB3DX UI PROBE[21]:   saveload_mgr[+0x00]: 820951FC 8200EBFC 00000000 43F810A0 00000000 82000C55 40187E30 400EF890
!> 002B8711 RB3DX UI PROBE[21]:   saveload_mgr[+0x20]: 429D55D8 429D55D8 00000000 00001111 82053A3C 8200EBFC 00000000 43F810D0
!> 002B8711 RB3DX UI PROBE[21]:   saveload_mgr[+0x40]: 00000000 82000C55 82000C55 00000000 43F810F0 43F810F0 82053A2C 43F810FC
!> 002B8711 RB3DX UI PROBE[21]:   saveload_mgr[+0x60]: 43F810FC 00000000 00000000 0000A902 82042734 820239CC 43F81600 0000001D
!> 002B8711 RB3DX UI PROBE[21]:   saveload_mgr[+0x80]: 01000000 00000003 00000000 00000000 00000000 00000000 429D6148 429D6150
!> 002B8711 RB3DX UI PROBE[21]:   saveload_mgr[+0xA0]: 429D6150 43F81716 00000000 820009A8 00000000 82E06E10 00010000 42A404F8
!> 002B8711 RB3DX UI PROBE[21]:   net_sync('net_sync') head=0x00000000 vbase=0x44808F60
!> 002B8711 RB3DX UI PROBE[21]:   net_sync[+0x00]: 820A6054 8200EBFC 00000000 44808F60 00000000 82000C55 40187F28 400EF890
!> 002B8711 RB3DX UI PROBE[21]:   net_sync[+0x20]: 44808F80 44808F80 01003B75 00000000 FFFFFFFF 00000E8C 44D97A08 402CC360
!> 002B8711 RB3DX UI PROBE[21]:   net_sync[+0x40]: 00000000 FFFFFFFF 826C3888 00151D0A AFDEBECD 10080000 03000000 C5A40000
!> 002B8711 RB3DX UI PROBE[21]:   net_sync[+0x60]: 3D200001 EA010000 372A0000 00000000 00000000 00000000 00000000 00000000
!> 002B8711 RB3DX UI PROBE[21]:   net_sync[+0x80]: 00000000 00000000 00000000 00000000 00000000 00000000 00000000 00000000
!> 002B8711 RB3DX UI PROBE[21]:   net_sync[+0xA0]: 00000000 00000000 00000000 00000000 00000000 00000000 00000000 00000000
!> 002B8711 RB3DX UI PROBE[21]:   session head=0x43632298 mState=0 mQNet=0x00000000 mUsers[begin=0x402AF1F0 end=0x00000000]
!> 002B8711 RB3DX UI PROBE[22]: transState=0 curScreen=0x44EE8848'splash_screen' transScreen=0x00000000'<null>'
!> 002B8711 RB3DX UI PROBE[22]:   C:panel[0]@0x4293E408 0x44E87630'meta' active=1 refLoaded=1 mState=1 mLoaded=0 mLoader=0x00000000 mLoadRefs=1
!> 002B8711 RB3DX UI PROBE[22]:   C:panel[1]@0x4293E458 0x44EE7AF0'sv8_panel' active=1 refLoaded=1 mState=1 mLoaded=0 mLoader=0x00000000 mLoadRefs=1
!> 002B8711 RB3DX UI PROBE[22]:   C:panel[2]@0x4293E448 0x44EE87D8'splash_panel' active=1 refLoaded=1 mState=1 mLoaded=0 mLoader=0x00000000 mLoadRefs=1
!> 002B8711 RB3DX UI PROBE[22]:   saveload_mgr('saveload_mgr') head=0x00000000 vbase=0x43F810A0
!> 002B8711 RB3DX UI PROBE[22]:   saveload_mgr[+0x00]: 820951FC 8200EBFC 00000000 43F810A0 00000000 82000C55 40187E30 400EF890
!> 002B8711 RB3DX UI PROBE[22]:   saveload_mgr[+0x20]: 429D55D8 429D55D8 00000000 00001111 82053A3C 8200EBFC 00000000 43F810D0
!> 002B8711 RB3DX UI PROBE[22]:   saveload_mgr[+0x40]: 00000000 82000C55 82000C55 00000000 43F810F0 43F810F0 82053A2C 43F810FC
!> 002B8711 RB3DX UI PROBE[22]:   saveload_mgr[+0x60]: 43F810FC 00000000 00000000 0000A902 82042734 820239CC 43F81600 0000001D
!> 002B8711 RB3DX UI PROBE[22]:   saveload_mgr[+0x80]: 01000000 00000003 00000000 00000000 00000000 00000000 429D6148 429D6150
!> 002B8711 RB3DX UI PROBE[22]:   saveload_mgr[+0xA0]: 429D6150 43F81716 00000000 820009A8 00000000 82E06E10 00010000 42A404F8
!> 002B8711 RB3DX UI PROBE[22]:   net_sync('net_sync') head=0x00000000 vbase=0x44808F60
!> 002B8711 RB3DX UI PROBE[22]:   net_sync[+0x00]: 820A6054 8200EBFC 00000000 44808F60 00000000 82000C55 40187F28 400EF890
!> 002B8711 RB3DX UI PROBE[22]:   net_sync[+0x20]: 44808F80 44808F80 01003B75 00000000 FFFFFFFF 00000E8C 44D97A08 402CC360
!> 002B8711 RB3DX UI PROBE[22]:   net_sync[+0x40]: 00000000 FFFFFFFF 826C3888 00151D0A AFDEBECD 10080000 03000000 C5A40000
!> 002B8711 RB3DX UI PROBE[22]:   net_sync[+0x60]: 3D200001 EA010000 372A0000 00000000 00000000 00000000 00000000 00000000
!> 002B8711 RB3DX UI PROBE[22]:   net_sync[+0x80]: 00000000 00000000 00000000 00000000 00000000 00000000 00000000 00000000
!> 002B8711 RB3DX UI PROBE[22]:   net_sync[+0xA0]: 00000000 00000000 00000000 00000000 00000000 00000000 00000000 00000000
!> 002B8711 RB3DX UI PROBE[22]:   session head=0x43632298 mState=0 mQNet=0x00000000 mUsers[begin=0x402AF1F0 end=0x00000000]
=== Thread Status Report (45044ms) === 26 threads, SIGSEGV=6 last_fault=0x17FEA1A80 last_rip=0xA0ADEE4F crash_guest=0x82BCEFE4 []
  [demask] XMA-benign-faults=6  last_REAL_fault=0x0 last_REAL_rip=0x0
!> 002B8711 RB3DX UI PROBE[23]: transState=0 curScreen=0x44EE8848'splash_screen' transScreen=0x00000000'<null>'
!> 002B8711 RB3DX UI PROBE[23]:   C:panel[0]@0x4293E408 0x44E87630'meta' active=1 refLoaded=1 mState=1 mLoaded=0 mLoader=0x00000000 mLoadRefs=1
!> 002B8711 RB3DX UI PROBE[23]:   C:panel[1]@0x4293E458 0x44EE7AF0'sv8_panel' active=1 refLoaded=1 mState=1 mLoaded=0 mLoader=0x00000000 mLoadRefs=1
!> 002B8711 RB3DX UI PROBE[23]:   C:panel[2]@0x4293E448 0x44EE87D8'splash_panel' active=1 refLoaded=1 mState=1 mLoaded=0 mLoader=0x00000000 mLoadRefs=1
!> 002B8711 RB3DX UI PROBE[23]:   saveload_mgr('saveload_mgr') head=0x00000000 vbase=0x43F810A0
!> 002B8711 RB3DX UI PROBE[23]:   saveload_mgr[+0x00]: 820951FC 8200EBFC 00000000 43F810A0 00000000 82000C55 40187E30 400EF890
!> 002B8711 RB3DX UI PROBE[23]:   saveload_mgr[+0x20]: 429D55D8 429D55D8 00000000 00001111 82053A3C 8200EBFC 00000000 43F810D0
!> 002B8711 RB3DX UI PROBE[23]:   saveload_mgr[+0x40]: 00000000 82000C55 82000C55 00000000 43F810F0 43F810F0 82053A2C 43F810FC
!> 002B8711 RB3DX UI PROBE[23]:   saveload_mgr[+0x60]: 43F810FC 00000000 00000000 0000A902 82042734 820239CC 43F81600 0000001D
!> 002B8711 RB3DX UI PROBE[23]:   saveload_mgr[+0x80]: 01000000 00000003 00000000 00000000 00000000 00000000 429D6148 429D6150
!> 002B8711 RB3DX UI PROBE[23]:   saveload_mgr[+0xA0]: 429D6150 43F81716 00000000 820009A8 00000000 82E06E10 00010000 42A404F8
!> 002B8711 RB3DX UI PROBE[23]:   net_sync('net_sync') head=0x00000000 vbase=0x44808F60
!> 002B8711 RB3DX UI PROBE[23]:   net_sync[+0x00]: 820A6054 8200EBFC 00000000 44808F60 00000000 82000C55 40187F28 400EF890
!> 002B8711 RB3DX UI PROBE[23]:   net_sync[+0x20]: 44808F80 44808F80 01003B75 00000000 FFFFFFFF 00000E8C 44D97A08 402CC360
!> 002B8711 RB3DX UI PROBE[23]:   net_sync[+0x40]: 00000000 FFFFFFFF 826C3888 00151D0A AFDEBECD 10080000 03000000 C5A40000
!> 002B8711 RB3DX UI PROBE[23]:   net_sync[+0x60]: 3D200001 EA010000 372A0000 00000000 00000000 00000000 00000000 00000000
!> 002B8711 RB3DX UI PROBE[23]:   net_sync[+0x80]: 00000000 00000000 00000000 00000000 00000000 00000000 00000000 00000000
!> 002B8711 RB3DX UI PROBE[23]:   net_sync[+0xA0]: 00000000 00000000 00000000 00000000 00000000 00000000 00000000 00000000
!> 002B8711 RB3DX UI PROBE[23]:   session head=0x43632298 mState=0 mQNet=0x00000000 mUsers[begin=0x402AF1F0 end=0x00000000]
=== Thread Status Report (48047ms) === 26 threads, SIGSEGV=6 last_fault=0x17FEA1A80 last_rip=0xA0ADEE4F crash_guest=0x82BCEFE4 []
  [demask] XMA-benign-faults=6  last_REAL_fault=0x0 last_REAL_rip=0x0
!> 002B8711 RB3DX UI PROBE[24]: transState=0 curScreen=0x44EE8848'splash_screen' transScreen=0x00000000'<null>'
!> 002B8711 RB3DX UI PROBE[24]:   C:panel[0]@0x4293E408 0x44E87630'meta' active=1 refLoaded=1 mState=1 mLoaded=0 mLoader=0x00000000 mLoadRefs=1
!> 002B8711 RB3DX UI PROBE[24]:   C:panel[1]@0x4293E458 0x44EE7AF0'sv8_panel' active=1 refLoaded=1 mState=1 mLoaded=0 mLoader=0x00000000 mLoadRefs=1
!> 002B8711 RB3DX UI PROBE[24]:   C:panel[2]@0x4293E448 0x44EE87D8'splash_panel' active=1 refLoaded=1 mState=1 mLoaded=0 mLoader=0x00000000 mLoadRefs=1
!> 002B8711 RB3DX UI PROBE[24]:   saveload_mgr('saveload_mgr') head=0x00000000 vbase=0x43F810A0
!> 002B8711 RB3DX UI PROBE[24]:   saveload_mgr[+0x00]: 820951FC 8200EBFC 00000000 43F810A0 00000000 82000C55 40187E30 400EF890
!> 002B8711 RB3DX UI PROBE[24]:   saveload_mgr[+0x20]: 429D55D8 429D55D8 00000000 00001111 82053A3C 8200EBFC 00000000 43F810D0
!> 002B8711 RB3DX UI PROBE[24]:   saveload_mgr[+0x40]: 00000000 82000C55 82000C55 00000000 43F810F0 43F810F0 82053A2C 43F810FC
!> 002B8711 RB3DX UI PROBE[24]:   saveload_mgr[+0x60]: 43F810FC 00000000 00000000 0000A902 82042734 820239CC 43F81600 0000001D
!> 002B8711 RB3DX UI PROBE[24]:   saveload_mgr[+0x80]: 01000000 00000003 00000000 00000000 00000000 00000000 429D6148 429D6150
!> 002B8711 RB3DX UI PROBE[24]:   saveload_mgr[+0xA0]: 429D6150 43F81716 00000000 820009A8 00000000 82E06E10 00010000 42A404F8
!> 002B8711 RB3DX UI PROBE[24]:   net_sync('net_sync') head=0x00000000 vbase=0x44808F60
!> 002B8711 RB3DX UI PROBE[24]:   net_sync[+0x00]: 820A6054 8200EBFC 00000000 44808F60 00000000 82000C55 40187F28 400EF890
!> 002B8711 RB3DX UI PROBE[24]:   net_sync[+0x20]: 44808F80 44808F80 01003B75 00000000 FFFFFFFF 00000E8C 44D97A08 402CC360
!> 002B8711 RB3DX UI PROBE[24]:   net_sync[+0x40]: 00000000 FFFFFFFF 826C3888 00151D0A AFDEBECD 10080000 03000000 C5A40000
!> 002B8711 RB3DX UI PROBE[24]:   net_sync[+0x60]: 3D200001 EA010000 372A0000 00000000 00000000 00000000 00000000 00000000
!> 002B8711 RB3DX UI PROBE[24]:   net_sync[+0x80]: 00000000 00000000 00000000 00000000 00000000 00000000 00000000 00000000
!> 002B8711 RB3DX UI PROBE[24]:   net_sync[+0xA0]: 00000000 00000000 00000000 00000000 00000000 00000000 00000000 00000000
!> 002B8711 RB3DX UI PROBE[24]:   session head=0x43632298 mState=0 mQNet=0x00000000 mUsers[begin=0x402AF1F0 end=0x00000000]
!> 002B8711 RB3DX UI PROBE[25]: transState=0 curScreen=0x44EE8848'splash_screen' transScreen=0x00000000'<null>'
!> 002B8711 RB3DX UI PROBE[25]:   C:panel[0]@0x4293E408 0x44E87630'meta' active=1 refLoaded=1 mState=1 mLoaded=0 mLoader=0x00000000 mLoadRefs=1
!> 002B8711 RB3DX UI PROBE[25]:   C:panel[1]@0x4293E458 0x44EE7AF0'sv8_panel' active=1 refLoaded=1 mState=1 mLoaded=0 mLoader=0x00000000 mLoadRefs=1
!> 002B8711 RB3DX UI PROBE[25]:   C:panel[2]@0x4293E448 0x44EE87D8'splash_panel' active=1 refLoaded=1 mState=1 mLoaded=0 mLoader=0x00000000 mLoadRefs=1
!> 002B8711 RB3DX UI PROBE[25]:   saveload_mgr('saveload_mgr') head=0x00000000 vbase=0x43F810A0
!> 002B8711 RB3DX UI PROBE[25]:   saveload_mgr[+0x00]: 820951FC 8200EBFC 00000000 43F810A0 00000000 82000C55 40187E30 400EF890
!> 002B8711 RB3DX UI PROBE[25]:   saveload_mgr[+0x20]: 429D55D8 429D55D8 00000000 00001111 82053A3C 8200EBFC 00000000 43F810D0
!> 002B8711 RB3DX UI PROBE[25]:   saveload_mgr[+0x40]: 00000000 82000C55 82000C55 00000000 43F810F0 43F810F0 82053A2C 43F810FC
!> 002B8711 RB3DX UI PROBE[25]:   saveload_mgr[+0x60]: 43F810FC 00000000 00000000 0000A902 82042734 820239CC 43F81600 0000001D
!> 002B8711 RB3DX UI PROBE[25]:   saveload_mgr[+0x80]: 01000000 00000003 00000000 00000000 00000000 00000000 429D6148 429D6150
!> 002B8711 RB3DX UI PROBE[25]:   saveload_mgr[+0xA0]: 429D6150 43F81716 00000000 820009A8 00000000 82E06E10 00010000 42A404F8
!> 002B8711 RB3DX UI PROBE[25]:   net_sync('net_sync') head=0x00000000 vbase=0x44808F60
!> 002B8711 RB3DX UI PROBE[25]:   net_sync[+0x00]: 820A6054 8200EBFC 00000000 44808F60 00000000 82000C55 40187F28 400EF890
!> 002B8711 RB3DX UI PROBE[25]:   net_sync[+0x20]: 44808F80 44808F80 01003B75 00000000 FFFFFFFF 00000E8C 44D97A08 402CC360
!> 002B8711 RB3DX UI PROBE[25]:   net_sync[+0x40]: 00000000 FFFFFFFF 826C3888 00151D0A AFDEBECD 10080000 03000000 C5A40000
!> 002B8711 RB3DX UI PROBE[25]:   net_sync[+0x60]: 3D200001 EA010000 372A0000 00000000 00000000 00000000 00000000 00000000
!> 002B8711 RB3DX UI PROBE[25]:   net_sync[+0x80]: 00000000 00000000 00000000 00000000 00000000 00000000 00000000 00000000
!> 002B8711 RB3DX UI PROBE[25]:   net_sync[+0xA0]: 00000000 00000000 00000000 00000000 00000000 00000000 00000000 00000000
!> 002B8711 RB3DX UI PROBE[25]:   session head=0x43632298 mState=0 mQNet=0x00000000 mUsers[begin=0x402AF1F0 end=0x00000000]
=== Thread Status Report (51050ms) === 26 threads, SIGSEGV=10 last_fault=0x17FEA1A80 last_rip=0xA0ADEE4F crash_guest=0x82BCEFE4 []
  [demask] XMA-benign-faults=10  last_REAL_fault=0x0 last_REAL_rip=0x0
!> 002B8711 RB3DX UI PROBE[26]: transState=0 curScreen=0x44EE8848'splash_screen' transScreen=0x00000000'<null>'
!> 002B8711 RB3DX UI PROBE[26]:   C:panel[0]@0x4293E408 0x44E87630'meta' active=1 refLoaded=1 mState=1 mLoaded=0 mLoader=0x00000000 mLoadRefs=1
!> 002B8711 RB3DX UI PROBE[26]:   C:panel[1]@0x4293E458 0x44EE7AF0'sv8_panel' active=1 refLoaded=1 mState=1 mLoaded=0 mLoader=0x00000000 mLoadRefs=1
!> 002B8711 RB3DX UI PROBE[26]:   C:panel[2]@0x4293E448 0x44EE87D8'splash_panel' active=1 refLoaded=1 mState=1 mLoaded=0 mLoader=0x00000000 mLoadRefs=1
!> 002B8711 RB3DX UI PROBE[26]:   saveload_mgr('saveload_mgr') head=0x00000000 vbase=0x43F810A0
!> 002B8711 RB3DX UI PROBE[26]:   saveload_mgr[+0x00]: 820951FC 8200EBFC 00000000 43F810A0 00000000 82000C55 40187E30 400EF890
!> 002B8711 RB3DX UI PROBE[26]:   saveload_mgr[+0x20]: 429D55D8 429D55D8 00000000 00001111 82053A3C 8200EBFC 00000000 43F810D0
!> 002B8711 RB3DX UI PROBE[26]:   saveload_mgr[+0x40]: 00000000 82000C55 82000C55 00000000 43F810F0 43F810F0 82053A2C 43F810FC
!> 002B8711 RB3DX UI PROBE[26]:   saveload_mgr[+0x60]: 43F810FC 00000000 00000000 0000A902 82042734 820239CC 43F81600 0000001D
!> 002B8711 RB3DX UI PROBE[26]:   saveload_mgr[+0x80]: 01000000 00000003 00000000 00000000 00000000 00000000 429D6148 429D6150
!> 002B8711 RB3DX UI PROBE[26]:   saveload_mgr[+0xA0]: 429D6150 43F81716 00000000 820009A8 00000000 82E06E10 00010000 42A404F8
!> 002B8711 RB3DX UI PROBE[26]:   net_sync('net_sync') head=0x00000000 vbase=0x44808F60
!> 002B8711 RB3DX UI PROBE[26]:   net_sync[+0x00]: 820A6054 8200EBFC 00000000 44808F60 00000000 82000C55 40187F28 400EF890
!> 002B8711 RB3DX UI PROBE[26]:   net_sync[+0x20]: 44808F80 44808F80 01003B75 00000000 FFFFFFFF 00000E8C 44D97A08 402CC360
!> 002B8711 RB3DX UI PROBE[26]:   net_sync[+0x40]: 00000000 FFFFFFFF 826C3888 00151D0A AFDEBECD 10080000 03000000 C5A40000
!> 002B8711 RB3DX UI PROBE[26]:   net_sync[+0x60]: 3D200001 EA010000 372A0000 00000000 00000000 00000000 00000000 00000000
!> 002B8711 RB3DX UI PROBE[26]:   net_sync[+0x80]: 00000000 00000000 00000000 00000000 00000000 00000000 00000000 00000000
!> 002B8711 RB3DX UI PROBE[26]:   net_sync[+0xA0]: 00000000 00000000 00000000 00000000 00000000 00000000 00000000 00000000
!> 002B8711 RB3DX UI PROBE[26]:   session head=0x43632298 mState=0 mQNet=0x00000000 mUsers[begin=0x402AF1F0 end=0x00000000]
=== Thread Status Report (54052ms) === 26 threads, SIGSEGV=14 last_fault=0x17FEA1A80 last_rip=0xA0ADEE4F crash_guest=0x82BCEFE4 []
  [demask] XMA-benign-faults=14  last_REAL_fault=0x0 last_REAL_rip=0x0
!> 002B8711 RB3DX UI PROBE[27]: transState=0 curScreen=0x44EE8848'splash_screen' transScreen=0x00000000'<null>'
!> 002B8711 RB3DX UI PROBE[27]:   C:panel[0]@0x4293E408 0x44E87630'meta' active=1 refLoaded=1 mState=1 mLoaded=0 mLoader=0x00000000 mLoadRefs=1
!> 002B8711 RB3DX UI PROBE[27]:   C:panel[1]@0x4293E458 0x44EE7AF0'sv8_panel' active=1 refLoaded=1 mState=1 mLoaded=0 mLoader=0x00000000 mLoadRefs=1
!> 002B8711 RB3DX UI PROBE[27]:   C:panel[2]@0x4293E448 0x44EE87D8'splash_panel' active=1 refLoaded=1 mState=1 mLoaded=0 mLoader=0x00000000 mLoadRefs=1
!> 002B8711 RB3DX UI PROBE[27]:   saveload_mgr('saveload_mgr') head=0x00000000 vbase=0x43F810A0
!> 002B8711 RB3DX UI PROBE[27]:   saveload_mgr[+0x00]: 820951FC 8200EBFC 00000000 43F810A0 00000000 82000C55 40187E30 400EF890
!> 002B8711 RB3DX UI PROBE[27]:   saveload_mgr[+0x20]: 429D55D8 429D55D8 00000000 00001111 82053A3C 8200EBFC 00000000 43F810D0
!> 002B8711 RB3DX UI PROBE[27]:   saveload_mgr[+0x40]: 00000000 82000C55 82000C55 00000000 43F810F0 43F810F0 82053A2C 43F810FC
!> 002B8711 RB3DX UI PROBE[27]:   saveload_mgr[+0x60]: 43F810FC 00000000 00000000 0000A902 82042734 820239CC 43F81600 0000001D
!> 002B8711 RB3DX UI PROBE[27]:   saveload_mgr[+0x80]: 01000000 00000003 00000000 00000000 00000000 00000000 429D6148 429D6150
!> 002B8711 RB3DX UI PROBE[27]:   saveload_mgr[+0xA0]: 429D6150 43F81716 00000000 820009A8 00000000 82E06E10 00010000 42A404F8
!> 002B8711 RB3DX UI PROBE[27]:   net_sync('net_sync') head=0x00000000 vbase=0x44808F60
!> 002B8711 RB3DX UI PROBE[27]:   net_sync[+0x00]: 820A6054 8200EBFC 00000000 44808F60 00000000 82000C55 40187F28 400EF890
!> 002B8711 RB3DX UI PROBE[27]:   net_sync[+0x20]: 44808F80 44808F80 01003B75 00000000 FFFFFFFF 00000E8C 44D97A08 402CC360
!> 002B8711 RB3DX UI PROBE[27]:   net_sync[+0x40]: 00000000 FFFFFFFF 826C3888 00151D0A AFDEBECD 10080000 03000000 C5A40000
!> 002B8711 RB3DX UI PROBE[27]:   net_sync[+0x60]: 3D200001 EA010000 372A0000 00000000 00000000 00000000 00000000 00000000
!> 002B8711 RB3DX UI PROBE[27]:   net_sync[+0x80]: 00000000 00000000 00000000 00000000 00000000 00000000 00000000 00000000
!> 002B8711 RB3DX UI PROBE[27]:   net_sync[+0xA0]: 00000000 00000000 00000000 00000000 00000000 00000000 00000000 00000000
!> 002B8711 RB3DX UI PROBE[27]:   session head=0x43632298 mState=0 mQNet=0x00000000 mUsers[begin=0x402AF1F0 end=0x00000000]
!> 002B8711 RB3DX UI PROBE[28]: transState=0 curScreen=0x44EE8848'splash_screen' transScreen=0x00000000'<null>'
!> 002B8711 RB3DX UI PROBE[28]:   C:panel[0]@0x4293E408 0x44E87630'meta' active=1 refLoaded=1 mState=1 mLoaded=0 mLoader=0x00000000 mLoadRefs=1
!> 002B8711 RB3DX UI PROBE[28]:   C:panel[1]@0x4293E458 0x44EE7AF0'sv8_panel' active=1 refLoaded=1 mState=1 mLoaded=0 mLoader=0x00000000 mLoadRefs=1
!> 002B8711 RB3DX UI PROBE[28]:   C:panel[2]@0x4293E448 0x44EE87D8'splash_panel' active=1 refLoaded=1 mState=1 mLoaded=0 mLoader=0x00000000 mLoadRefs=1
!> 002B8711 RB3DX UI PROBE[28]:   saveload_mgr('saveload_mgr') head=0x00000000 vbase=0x43F810A0
!> 002B8711 RB3DX UI PROBE[28]:   saveload_mgr[+0x00]: 820951FC 8200EBFC 00000000 43F810A0 00000000 82000C55 40187E30 400EF890
!> 002B8711 RB3DX UI PROBE[28]:   saveload_mgr[+0x20]: 429D55D8 429D55D8 00000000 00001111 82053A3C 8200EBFC 00000000 43F810D0
!> 002B8711 RB3DX UI PROBE[28]:   saveload_mgr[+0x40]: 00000000 82000C55 82000C55 00000000 43F810F0 43F810F0 82053A2C 43F810FC
!> 002B8711 RB3DX UI PROBE[28]:   saveload_mgr[+0x60]: 43F810FC 00000000 00000000 0000A902 82042734 820239CC 43F81600 0000001D
!> 002B8711 RB3DX UI PROBE[28]:   saveload_mgr[+0x80]: 01000000 00000003 00000000 00000000 00000000 00000000 429D6148 429D6150
!> 002B8711 RB3DX UI PROBE[28]:   saveload_mgr[+0xA0]: 429D6150 43F81716 00000000 820009A8 00000000 82E06E10 00010000 42A404F8
!> 002B8711 RB3DX UI PROBE[28]:   net_sync('net_sync') head=0x00000000 vbase=0x44808F60
!> 002B8711 RB3DX UI PROBE[28]:   net_sync[+0x00]: 820A6054 8200EBFC 00000000 44808F60 00000000 82000C55 40187F28 400EF890
!> 002B8711 RB3DX UI PROBE[28]:   net_sync[+0x20]: 44808F80 44808F80 01003B75 00000000 FFFFFFFF 00000E8C 44D97A08 402CC360
!> 002B8711 RB3DX UI PROBE[28]:   net_sync[+0x40]: 00000000 FFFFFFFF 826C3888 00151D0A AFDEBECD 10080000 03000000 C5A40000
!> 002B8711 RB3DX UI PROBE[28]:   net_sync[+0x60]: 3D200001 EA010000 372A0000 00000000 00000000 00000000 00000000 00000000
!> 002B8711 RB3DX UI PROBE[28]:   net_sync[+0x80]: 00000000 00000000 00000000 00000000 00000000 00000000 00000000 00000000
!> 002B8711 RB3DX UI PROBE[28]:   net_sync[+0xA0]: 00000000 00000000 00000000 00000000 00000000 00000000 00000000 00000000
!> 002B8711 RB3DX UI PROBE[28]:   session head=0x43632298 mState=0 mQNet=0x00000000 mUsers[begin=0x402AF1F0 end=0x00000000]
=== Thread Status Report (57055ms) === 26 threads, SIGSEGV=14 last_fault=0x17FEA1A80 last_rip=0xA0ADEE4F crash_guest=0x82BCEFE4 []
  [demask] XMA-benign-faults=14  last_REAL_fault=0x0 last_REAL_rip=0x0
!> 002B8711 RB3DX UI PROBE[29]: transState=0 curScreen=0x44EE8848'splash_screen' transScreen=0x00000000'<null>'
!> 002B8711 RB3DX UI PROBE[29]:   C:panel[0]@0x4293E408 0x44E87630'meta' active=1 refLoaded=1 mState=1 mLoaded=0 mLoader=0x00000000 mLoadRefs=1
!> 002B8711 RB3DX UI PROBE[29]:   C:panel[1]@0x4293E458 0x44EE7AF0'sv8_panel' active=1 refLoaded=1 mState=1 mLoaded=0 mLoader=0x00000000 mLoadRefs=1
!> 002B8711 RB3DX UI PROBE[29]:   C:panel[2]@0x4293E448 0x44EE87D8'splash_panel' active=1 refLoaded=1 mState=1 mLoaded=0 mLoader=0x00000000 mLoadRefs=1
!> 002B8711 RB3DX UI PROBE[29]:   saveload_mgr('saveload_mgr') head=0x00000000 vbase=0x43F810A0
!> 002B8711 RB3DX UI PROBE[29]:   saveload_mgr[+0x00]: 820951FC 8200EBFC 00000000 43F810A0 00000000 82000C55 40187E30 400EF890
!> 002B8711 RB3DX UI PROBE[29]:   saveload_mgr[+0x20]: 429D55D8 429D55D8 00000000 00001111 82053A3C 8200EBFC 00000000 43F810D0
!> 002B8711 RB3DX UI PROBE[29]:   saveload_mgr[+0x40]: 00000000 82000C55 82000C55 00000000 43F810F0 43F810F0 82053A2C 43F810FC
!> 002B8711 RB3DX UI PROBE[29]:   saveload_mgr[+0x60]: 43F810FC 00000000 00000000 0000A902 82042734 820239CC 43F81600 0000001D
!> 002B8711 RB3DX UI PROBE[29]:   saveload_mgr[+0x80]: 01000000 00000003 00000000 00000000 00000000 00000000 429D6148 429D6150
!> 002B8711 RB3DX UI PROBE[29]:   saveload_mgr[+0xA0]: 429D6150 43F81716 00000000 820009A8 00000000 82E06E10 00010000 42A404F8
!> 002B8711 RB3DX UI PROBE[29]:   net_sync('net_sync') head=0x00000000 vbase=0x44808F60
!> 002B8711 RB3DX UI PROBE[29]:   net_sync[+0x00]: 820A6054 8200EBFC 00000000 44808F60 00000000 82000C55 40187F28 400EF890
!> 002B8711 RB3DX UI PROBE[29]:   net_sync[+0x20]: 44808F80 44808F80 01003B75 00000000 FFFFFFFF 00000E8C 44D97A08 402CC360
!> 002B8711 RB3DX UI PROBE[29]:   net_sync[+0x40]: 00000000 FFFFFFFF 826C3888 00151D0A AFDEBECD 10080000 03000000 C5A40000
!> 002B8711 RB3DX UI PROBE[29]:   net_sync[+0x60]: 3D200001 EA010000 372A0000 00000000 00000000 00000000 00000000 00000000
!> 002B8711 RB3DX UI PROBE[29]:   net_sync[+0x80]: 00000000 00000000 00000000 00000000 00000000 00000000 00000000 00000000
!> 002B8711 RB3DX UI PROBE[29]:   net_sync[+0xA0]: 00000000 00000000 00000000 00000000 00000000 00000000 00000000 00000000
!> 002B8711 RB3DX UI PROBE[29]:   session head=0x43632298 mState=0 mQNet=0x00000000 mUsers[begin=0x402AF1F0 end=0x00000000]
